O O O O O O O B-Symptom O
O O O O B-Symptom O O
O O O
O O O O O O B-Symptom I-Symptom I-Symptom O
O O O O O O O B-Symptom I-Symptom O
O O O O O B-Symptom I-Symptom O
O O O O O B-Symptom I-Symptom O
O O O O O B-Symptom I-Symptom I-Symptom O
O O O O
O O O O O B-Symptom O
O O O O O O O O O O B-Symptom O
O O O O
O O O O O O
O O O O O O B-Symptom I-Symptom O
O O O O
O O O O O O B-Symptom O 
O O O O O O O B-Symptom I-Symptom I-Symptom O
O O O O
O O O O
O O O B-Symptom O O O
O O O O O O B-Symptom I-Symptom O
O O O O O O B-Symptom I-Symptom I-Symptom I-Symptom O
O O O O
O O O O B-Symptom I-Symptom O
O O O O O B-Symptom I-Symptom I-Symptom I-Symptom I-Symptom O
O O O O
O O O O O O O B-Symptom O
O O O O O O B-Symptom I-Symptom I-Symptom O
O O O O
O O O O
O O O O O B-Symptom O
O O O O O O
O O O O O O O B-Symptom O
O O O O O O B-Symptom I-Symptom O
O O O O O B-Symptom I-Symptom I-Symptom O
O O O O O B-Symptom I-Symptom I-Symptom I-Symptom O
O O O O O O O O B-Symptom O
O O O O
O O O O O O O O B-Symptom O
O O O O
O O
O O O O O O O
O O O O O B-Symptom I-Symptom I-Symptom O
O O O O O O
O O O O O O O O O B-Symptom O
O O O O
O O O O
O O O O O O O
O O O O O B-Symptom I-Symptom I-Symptom O
O O O O
O O O O O B-Symptom I-Symptom O
O O O O O B-Symptom O
O O O
O O O B-Symptom O
O O O O O O B-Symptom I-Symptom I-Symptom I-Symptom I-Symptom I-Symptom I-Symptom I-Symptom I-Symptom O
O O O O O B-Symptom I-Symptom I-Symptom O
O O O O O B-Symptom O
O O O O O O B-Symptom I-Symptom I-Symptom O
O O O O
O O O O
O O O O O O O O O O B-Symptom O
O O O O B-Symptom I-Symptom O
O O O O
O O O O O O B-Symptom I-Symptom I-Symptom I-Symptom O
O O O O O O O B-Symptom I-Symptom O
O O O O O O O B-Symptom O
O O O O O O O
O O O O O O B-Symptom I-Symptom O
O O O O O O B-Symptom I-Symptom O
O O O O O B-Symptom I-Symptom I-Symptom I-Symptom I-Symptom O
O O 
O O 
O O O O
O O O O O
O O O O B-Symptom I-Symptom I-Symptom O O O O O O O
O O
O O O O O O B-Symptom O
O O O O B-Symptom I-Symptom O
O O
O O O O O O O O B-Symptom I-Symptom I-Symptom O O O O O O O O
O O O O O  B-Symptom I-Symptom I-Symptom O
O O O O
O O O O O O O O O B-Symptom I-Symptom I-Symptom O
O O 
O O O O O O O  B-Symptom O O O O O O O
O O O  O B-Symptom O
O O O O O O O O O
O O O O O B-Symptom I-Symptom I-Symptom O
O O O  B-Symptom I-Symptom I-Symptom O
O O
O O O O O  B-Symptom O
O O 
O O 
O O 
O O O O O
O O O O B-Symptom I-Symptom I-Symptom
O O O O B-Symptom I-Symptom O
O O O O
O O O
O O
O
O O O
O
O O O O O 
O O O O O O O B-Symptom
O
O O O O B-Symptom I-Symptom I-Symptom
O O B-Symptom
O O O O O
O O
O
O O O
O
O O O O O O O O B-Symptom O
O O O O B-Symptom I-Symptom O
O 
O O 
O
O O O O B-Symptom 
O O
O O O O O O O O B-Symptom O O O O O O O O
O O O O O  O B-Symptom 
O
O O O O O B-Symptom O
O 
O O O O O O B-Symptom I-Symptom O
O O O O O O  B-Symptom O
O O O O O O O O B-Symptom I-Symptom I-Symptom I-Symptom O O O O O O O O
O O O B-Symptom
O 
O O O B-Symptom I-Symptom  O O O O O 
O 
O O O  O B-Symptom 
O O O O O O O O O
O O O O O O O O B-Symptom I-Symptom I-Symptom O O O O O O O
O O O O O  B-Symptom I-Symptom I-Symptom O
O O O O
O O
O O O O
O O O O O O B-Symptom I-Symptom I-Symptom O
O O O O O O O O B-Symptom O O O O O O O O
O O O B-Symptom I-Symptom
O O O O O O
O O O O O O B-Symptom 
O O O O O B-Symptom I-Symptom I-Symptom O
O O 
O
O O O O O B-Symptom 
O O O O O O O O B-Symptom I-Symptom I-Symptom I-Symptom O O O O O O O O
O O O O O O
O
O O B-Symptom I-Symptom
O O O B-Symptom I-Symptom I-Symptom O
O O O O
O O O O O O O  B-Symptom O O O O O O O
O O O  O O
O O O O
O O O B-Symptom I-Symptom I-Symptom O
O O  B-Symptom I-Symptom I-Symptom I-Symptom O
O O O O B-Symptom  I-Symptom I-Symptom O
 O O O O  B-Symptom O O O O O O O
O O O  O O
O O O O
O O O B-symptom I-symptom
O O O O B-Symptom O
O
O O O O B-Symptom I-Symptom I-Symptom O
O O O O B-Symptom
O O O O B-Symptom
O O O O O O B-Symptom
O O O O
 O O O B-Symptom I-Symptom O O O O O O O
O O O O O
O
 O O O O O O O  B-Symptom I-Symptom I-Symptom O 
O O O O O
O O O O B-Symptom O
 O O O B-Symptom I-Symptom O O O O O O O
O O O O O
O O O O O
O O O O B-Symptom I-Symptom I-Symptom O
O O O O B-Symptom I-Symptom O O O O O O
O O O B-Symptom I-Symptom O
 O O O O  B-Symptom O O O O O O O
O O O  O O
O
O O O O O
O O O  O B-Symptom I-Symptom I-Symptom I-Symptom O
O O O B-Symptom I-SYmptom I-Symptom
O
 O O O B-Symptom I-Symptom I-Symptom I-Symptom O
O O O O O
O O O B-Symptom
O O O O B-Symptom O
O O O O B-Symptom 
O O O O O B-Symptom
O O O B-Symptom
O
O O O O 
 O O O B-Symptom I-Symptom O
O O  B-Symptom I-Symptom O
O O O O B-Symptom O
O O O O O B-Symptom
O O O B-Symptom
O O
O O O B-Symptom I-Symptom
O O 
O
O O O O 
O O O O O B-Symptom I-Symptom
O
O O O O
O O B-Symptom I-Symptom O O 
 O O O B-Symptom I-Symptom I-Symptom
 O O O O B-Symptom I-Symptom O
O O O B-Symptom
O
O O O B-Symptom I-Symptom O O O O O
O O O O B-Symptom O
O O O O B-Symptom O
O
O O O O O O B-Symptom I-Symptom O
O O O O  B-Symptom I-Symptom I-Symptom O O O O O
O O 
O O 
O O O O
O O B-Symptom I-Symptom I-Symptom
O O O O O
O O O O O O B-Symptom I-Symptom O
O O O O  B-Symptom I-Symptom 
O O 
O O 
O O O O
O O B-Symptom I-Symptom I-Symptom
O O O O O
 O O O B-Symptom I-Symptom O
O O O O O O B-Symptom I-Symptom
O O O O  B-Symptom
O O 
O O O O O
O O O O O O O B-Symptom I-Symptom I-Symptom I-Symptom I-Symptom O
O O O O  B-Symptom I-Symptom
O O O O O
O O O O O O O B-Symptom I-Symptom O
O O O O  B-Symptom I-Symptom
O O O O O O O O  B-Symptom
O O 
O O O O O
O O O O B-Symptom
O O O O B-Symptom I-Symptom
O
O O O O O  B-Symptom
O O O O O B-Symptom
O O O O O O O O  B-Symptom O
O O 
O O O O O
O O O O O O O O  B-Symptom I-Symptom O
O O 
O O O B-Symptom
O O O B-Symptom
O O O O O
O O O O O O B-Symptom I-Symptom I-Symptom O
O O O O  B-Symptom I-Symptom 
O O O O O
O O O O O O B-Symptom I-Symptom O
O O O O O O O B-Symptom I-Symptom I-Symptom O
O O O O O O B-Symptom 
O O 
O O 
O O O O
O O B-Symptom I-Symptom I-Symptom
O O O O O B-Symptom I-Symptom I-Symptom I-Symptom O
O O 
O O O O B-Symptom O
O B-Symptom I-Symptom O
O O O O B-Symptom I-Symptom O
O O O O O O O B-Symptom
O O O O B-Symptom I-Symptom O
O O O O O B-Symptom I-Symptom I-Symptom O
O O O O B-Symptom I-Symptom I-Symptom O
O O O O O 
O O O O O
O O O O O O B-Symptom
O B-Symptom I-Symptom I-Symptom O
O O O B-Symptom O
O O O O B-Symptom I-Symptom O
O O O O O
O O O O O B-Symptom I-Symptom I-Symptom I-Symptom O
O O O
O O O O B-Symptom I-Symptom I-Symptom O
O O O O B-Symptom I-Symptom I-Symptom I-Symptom O
O B-Symptom O
O O O O O B-Symptom I-Symptom O
O O O O B-Symptom I-Symptom O
O O O O O B-Symptom I-Symptom O
O O O
O O O O O O O B-Symptom I-Symptom O
O O O O
O O O O B-Symptom I-Symptom O
O O O O B-Symptom I-Symptom I-Symptom O
O O O 
O O O O B-Symptom I-Symptom I-Symptom O
O O O O B-Symptom I-Symptom I-Symptom O
O O O O O O O O O B-Symptom I-Symptom O
O B-Symptom I-Symptom O
O O
O O O O B-Symptom I-Symptom I-Symptom O
O O O O O B-Symptom I-Symptom I-Symptom O
O O
O O O O O
O O O O O O O O O B-Symptom I-Symptom I-Symptom  I-Symptom O
O O
O O O O O O O B-Symptom O
O O O O O B-Symptom I-Symptom  O
O O 
O B-Symptom I-Symptom I-Symptom O
O B-Symptom I-Symptom O
O O O O B-Symptom
O O O O B-Symptom I-SYmptom O
O O O O B-Symptom I-Symptom I-Symptom O
O O 
O O O O O B-Symptom I-Symptom  O
O O
O O O O O O O B-Symptom I-Symptom  O
O O O O B-Symptom O
O O O
O O O O B-Symptom I-Symptom I-Symptom O
O O
O O O O O O O O O B-Symptom O
O O O O O
O O O O B-Symptom I-Symptom  O
O O O O O O O O O B-Symptom I-Symptom I-Symptom I-Symptom I-Symptom O
O B-Symptom I-Symptom I-Symptom O
O O O
O O O O O O O O O B-Symptom O
O O O O O
O O B-Symptom O
O O O
O B-Symptom I-Symptom O
O O O O B-Symptom O
O O O O O B-Symptom I-Symptom I-Symptom O
O O O O B-Symptom 
O O O
O O O O B-Symptom 
O O O O O O O O O B-Symptom I-Symptom  O
O O O O B-Symptom I-Symptom  O
O O O O O O O O O B-Symptom I-Symptom I-Symptom O
O O O O B-Symptom I-Symptom  O
O O O 
O O O O B-Symptom I-Symptom  O
O O O O O B-Symptom I-Symptom  O
O O O O B-Symptom I-Symptom  O
O O O O B-Symptom I-Symptom  O
O O 
O O O O B-Symptom I-Symptom  O
O O O O O O O O B-Symptom
O O O O B-Symptom I-Symptom I-Symptom O
O O O O B-Symptom
O O O O O O O O O B-Symptom I-Symptom  O
O O O O O O O O O B-Symptom I-Symptom I-Symptom O
O O O O O B-Symptom O
O O O O O B-Symptom
O O O O B-Symptom O
O B-Symptom I-Symptom I-Symptom O
O O O
O O O O O
O B-Symptom I-Symptom  O
O O O O O
O O O O O O O B-Symptom I-Symptom  O
O O O O B-Symptom I-Symptom  O
O O O O O B-Symptom I-Symptom I-Symptom O
O O O O O B-Symptom
O O O O B-Symptom I-Symptom I-Symptom O
O O O O B-Symptom
O O
O O O O O O O O B-Symptom
O O O O B-Symptom I-Symptom I-Symptom O
O O O O O O O O O B-Symptom I-Symptom I-Symptom O
O O O O O
O O O O O
O B-Symptom I-Symptom I-Symptom I-Symptom O
O O O O B-Symptom I-Symptom I-Symptom O
O O O O B-Symptom O
O O O O B-Symptom O
O O
O O O
O O O O O O O B-Symptom I-Symptom O
O O O 
O O O O O O O O B-Symptom
O O O O O B-Symptom
O O O
O B-Symptom I-Symptom I-Symptom I-Symptom O
O O O O O O O B-Symptom O
O O O O B-SYmptom
O O O O O
O O O O B-SYmptom O
O O O O O
O O O O O B-Symptom 
O O O O O B-Symptom I-Symptom I-Symptom O
O O 
O O O O O B-Symptom I-Symptom I-Symptom I-Symptom I-Symptom O
O O O O O
O O O
O O O O B-Symptom I-Symptom I-Symptom O
O O O O B-Symptom I-Symptom I-Symptom O B-Symptom I-Symptom I-Symptom O
O O B-Symptom I-Symptom I-Symptom O
O O O O O O O B-Symptom O
O O O O O
O B-Symptom I-Symptom I-Symptom O
O O O O O B-Symptom I-Symptom I-Symptom O
O O
O O O O O O O O O B-Symptom I-Symptom I-Symptom O
O O O O B-Symptom O
O O 
O O O O B-Symptom I-Symptom I-Symptom O
O O O O O 
O O O 
O O O O B-Symptom I-Symptom  O
O O O
O O O O B-Symptom I-Symptom  O
O O O O B-Symptom I-Symptom I-Symptom O
O O O O B-Symptom I-Symptom I-Symptom O
O O O O B-Symptom I-Symptom I-Symptom O
O O O O B-Symptom I-Symptom I-Symptom O
O O O
O O O O B-Symptom I-Symptom I-Symptom O
O O O
O O O O O
O O O O B-Symptom O
O O O
O B-Symptom I-Symptom I-Symptom O
O O O O O
O O O O O B-Symptom I-Symptom I-Symptom O
O O O O B-Symptom I-Symptom  O
O O O O B-Symptom O
O O O O B-Symptom O
O O O O O O B-Symptom I-Symptom  O
O O 
O O O O B-Symptom I-Symptom I-Symptom O
O O O O B-Symptom I-Symptom  O
O O O O O O O B-Symptom O
O B-Symptom I-Symptom I-Symptom O
O O O O O
O O O O O O O O O B-Symptom I-Symptom I-Symptom O
O O O O O
O O O O B-Symptom I-Symptom I-Symptom O
O O O O O B-Symptom I-Symptom I-Symptom O
O O 
O O O O B-Symptom I-Symptom  O
O O O
O B-Symptom O
O O O O O O O O O B-Symptom
O O O O O
O O O O B-SYmptom I-Symptom O
O O O O O B-Symptom O
O O O O O
O O O O O O O O O B-Symptom I-Symptom I-Symptom I-Symptom O
O O O O B-Symptom I-Symptom  O
O O O O O
O O O O O O O O O B-Symptom O
O O O O O B-Symptom I-Symptom  O
O O 
O O O O B-Symptom I-Symptom  O
O O O
O O O O B-Symptom O
O O O O B-Symptom I-Symptom I-Symptom I-Symptom I-Symptom O
O O O O O O B-Symptom
O B-Symptom I-Symptom  O
O O O O O O O O O B-Symptom O
O O O O B-Symptom O
O O O O B-Symptom O
O O O O B-Symptom I-Symptom  O
O O O O B-Symptom I-Symptom I-Symptom O
O O O O O
O O O O O O O O B-Symptom
O O O B-Symptom
O O 
O O O O B-Symptom I-Symptom I-Symptom O
O O O O B-Symptom O
O O O O O B-Symptom I-Symptom  O
O O O O B-Symptom I-Symptom I-Symptom I-Symptom O
O O O O B-Symptom I-Symptom  O
O O O O B-Symptom O
O O O O B-Symptom I-Symptom I-Symptom O
O O O O B-Symptom
O O O 
O O O O O O O B-Symptom O
O O O O O
O O 
O B-Symptom I-Symptom I-Symptom I-Symptom O
O O O O B-Symptom I-Symptom I-Symptom O
O O O O B-Symptom O
O O O O B-Symptom O
O O O O O B-Symptom I-Symptom  O
O O O O B-Symptom I-Symptom I-Symptom O
O O O O B-Symptom I-Symptom I-Symptom I-Symptom I-Symptom O
O O O O O O O B-Symptom I-Symptom I-Symptom I-Symptom O
O O
O O O O B-Symptom I-Symptom O
O O O
O O O O O O O B-Symptom O
O O O O B-Symptom I-Symptom  O
O O O
O B-Symptom I-Symptom  O
O O O O O B-Symptom I-Symptom O
O B-Symptom I-Symptom I-Symptom I-Symptom O
O O O
O O O O O O O B-Symptom I-Symptom I-Symptom O
O O O O B-Symptom O
O O O O B-Symptom
O O O O O B-Symptom I-Symptom I-Symptom O
O O 
O O O O O B-Symptom I-Symptom  O
O O O O O
O O O
O O O O O O O O O B-Symptom I-Symptom  O
O O O O O
O O O O B-Symptom I-Symptom  O
O O O O B-Symptom I-Symptom I-Symptom O
O O O O B-Symptom I-Symptom  O
O O O O B-Symptom I-Symptom I-Symptom O
O O O B-Symptom I-Symptom I-Symptom O
O O O O O B-Symptom I-Symptom  O
O O O O B-Symptom I-Symptom  O
O O
O O O O B-Symptom
O O O O O B-Symptom I-Symptom I-Symptom O
O O 
O O
O O O O B-Symptom I-Symptom  O
O O O O O O O O O B-Symptom I-Symptom I-Symptom O
O O 
O O O O B-Symptom I-Symptom I-Symptom I-Symptom I-Symptom O
O O O O O
O O O O O O O B-Symptom I-Symptom I-Symptom I-Symptom O
O O 
O O O
O O O O O O O B-Symptom I-Symptom I-Symptom O
O B-Symptom O
O O O O O
O O O O B-SYmptom
O O O O O
O O O O O B-Symptom O
O O O O O B-Symptom O
O O O
O O O O B-Symptom O
O O O O B-Symptom O
O O O O B-Symptom I-Symptom I-Symptom O
O O O O O O O O O B-Symptom I-Symptom  O
O B-Symptom I-Symptom I-Symptom O
O B O
O O O O O O O B-Symptom I-Symptom I-Symptom O
O O 
O O
O O O O B-Symptom I-Symptom  O
O O O O B-Symptom I-Symptom  I-Symptom O
O B-Symptom I-Symptom  O
O O O O O
O B-Symptom I-Symptom I-Symptom I-Symptom I-Symptom O
O O O O B-Symptom I-Symptom I-Symptom I-Symptom O
O O O O B-Symptom O
O O O O B-Symptom I-Symptom I-Symptom I-Symptom O
O O O O O O O O O B-Symptom I-Symptom I-Symptom O
O O O O B-Symptom I-Symptom I-Symptom O
O O O O B-Symptom I-Symptom  O
O O 
O O O O O O O B-Symptom O
O O 
O O 
O B-Symptom I-Symptom  O
O O O O O O O O O B-SYmptom O
O O
O O O O O
O O O O O
O O O O B-Symptom I-Symptom  O
O O 
O O O O O O O B-Symptom I-Symptom  O
O O O O B-Symptom
O O O O B-Symptom I-Symptom I-Symptom O
O O O O O B-Symptom O
O O O
O O O O O O O B-Symptom I-Symptom I-Symptom O
O O O O B-Symptom I-Symptom  O
O O O O O
O B-Symptom O
O O O O B-Symptom I-Symptom  O
O O O O B-Symptom I-Symptom I-Symptom I-Symptom I-Symptom O
O O O O O O O B-Symptom 
O O O O O O O O O B-Symptom I-Symptom  O
O O O O B-Symptom I-Symptom  O
O O O O B-Symptom I-Symptom  O
O B-Symptom O
O O O O O
O O O O O O O B-Symptom I-Symptom I-Symptom I-Symptom O
O B-Symptom I-Symptom I-Symptom O
O O O O B-Symptom I-Symptom I-Symptom I-Symptom O
O O O O B-Symptom I-Symptom  O
O O O O O O O B-Symptom I-Symptom I-Symptom O
O O O
O O O O B-Symptom I-Symptom I-Symptom O
O B-Symptom O
O O O O B-Symptom I-Symptom I-Symptom I-Symptom O
O O O O B-Symptom I-Symptom I-Symptom O
O O O O B-Symptom
O O O
O O O O O O O B-Symptom I-Symptom I-Symptom I-Symptom O
O O O O O B-Symptom I-Symptom I-Symptom I-Symptom O
O O 
O O O O O
O O O O O
O O 
O O O O O B-Symptom I-Symptom I-Symptom I-Symptom I-Symptom O
O O O O O O O O O B-Symptom I-Symptom I-Symptom O
O O O O O
O B-Symptom I-Symptom  O
O O O O O B-Symptom I-Symptom  O
O O O O B-Symptom I-Symptom  O
O O 
O O O B-Symptom
O O O O O B-Symptom I-Symptom I-Symptom I-Symptom O
O
O O O O B-Symptom I-Symptom  O
O O O O O O O B-Symptom I-Symptom  O
O O O O B-Symptom I-Symptom  O
O O O O B-Symptom I-Symptom  O
O O O
O B-Symptom I-Symptom  O
O O 
O O O O O B-Symptom I-Symptom  O
O O O B-Symptom I-Symptom I-Symptom O
O B-Symptom I-Symptom I-Symptom O
O O O O O O O B-Symptom I-Symptom I-Symptom O
O O O O B-Symptom I-Symptom  O
O O O
O O O
O O O O O
O O O O O O O O O B-Symptom O
O O O O B-Symptom I-Symptom  O
O O O B-Symptom I-Symptom  O
O O O O B-Symptom I-Symptom  O
O O 
O O O O O O O O O B-Symptom I-Symptom I-Symptom I-Symptom O
O O O O B-Symptom O
O O O O O
O O 
O O O O O O O O O B-Symptom I-Symptom  O
O O O O O
O O O
O O O O O B-Symptom O
O O O
O O O B-Symptom I-Symptom I-Symptom O
O O 
O O O O B-Symptom I-Symptom I-Symptom O
O O O O O
O O 
O O O O O
O O 
O O O B-Symptom O
O O O O B-Symptom I-Symptom  O
O O O O O O O B-Symptom I-Symptom I-Symptom O
O O O O B-Symptom I-Symptom  O
O O O O B-Symptom O
O O 
O O 
O O O O B-Symptom I-Symptom I-Symptom I-Symptom O
O O O B-Symptom I-Symptom I-Symptom O
